2026-08-12 06:57:51.435 | DEBUG    | src.data.loaders:read_query:56 - Executando query SQLite: SELECT * FROM empresas
2026-08-12 06:57:53.391 | DEBUG    | src.data.loaders:read_query:56 - Executando query SQLite: SELECT * FROM socios
2026-08-12 06:57:53.738 | DEBUG    | src.data.loaders:read_query:56 - Executando query SQLite: SELECT * FROM dividas_ativas
2026-08-12 06:57:54.672 | DEBUG    | src.data.loaders:read_query:56 - Executando query SQLite: SELECT * FROM vinculos_politicos
2026-08-12 06:57:54.680 | DEBUG    | src.data.loaders:read_query:56 - Executando query SQLite: SELECT * FROM sancoes_administrativas
2026-08-12 06:57:54.695 | DEBUG    | src.data.loaders:read_query:56 - Executando query SQLite: SELECT * FROM empresas
2026-08-12 06:57:56.577 | INFO     | src.graph.hin_builder:add_node_type:60 - No 'empresa': 344130 nos registrados.
2026-08-12 06:57:57.158 | INFO     | src.graph.hin_builder:add_node_type:60 - No 'socio': 142844 nos registrados.
2026-08-12 06:57:57.447 | INFO     | src.graph.hin_builder:add_edge_type:101 - Arco 'socio-participa_de-empresa': 231890 arestas.
2026-08-12 06:57:58.743 | INFO     | src.graph.hin_builder:add_node_type:60 - No 'endereco': 181268 nos registrados.
2026-08-12 06:57:59.164 | INFO     | src.graph.hin_builder:add_edge_type:101 - Arco 'empresa-sediada_em-endereco': 344130 arestas.
2026-08-12 06:57:59.184 | INFO     | src.graph.hin_builder:add_node_type:60 - No 'municipio': 7 nos registrados.
2026-08-12 06:57:59.535 | INFO     | src.graph.hin_builder:add_edge_type:101 - Arco 'empresa-localizada_em-municipio': 344130 arestas.
2026-08-12 06:57:59.549 | INFO     | src.graph.hin_builder:add_node_type:60 - No 'vinculo_politico': 519 nos registrados.
2026-08-12 06:57:59.551 | INFO     | src.graph.hin_builder:add_edge_type:101 - Arco 'empresa-tem_vinculo_politico-vinculo_politico': 866 arestas.
2026-08-12 06:57:59.551 | INFO     | src.graph.build_hin:build_empresas_hin:192 - HIN real construida: {'node_types': {'empresa': 344130, 'socio': 142844, 'endereco': 181268, 'municipio': 7, 'vinculo_politico': 519}, 'edge_types': {'socio__participa_de__empresa': 231890, 'empresa__rev_participa_de__socio': 231890, 'empresa__sediada_em__endereco': 344130, 'endereco__rev_sediada_em__empresa': 344130, 'empresa__localizada_em__municipio': 344130, 'municipio__rev_localizada_em__empresa': 344130, 'empresa__tem_vinculo_politico__vinculo_politico': 866, 'vinculo_politico__rev_tem_vinculo_politico__empresa': 866}}
2026-08-12 06:57:59.555 | DEBUG    | src.data.loaders:read_query:56 - Executando query SQLite: SELECT * FROM empresas
2026-08-12 06:58:01.321 | DEBUG    | src.data.loaders:read_query:56 - Executando query SQLite: SELECT * FROM socios
2026-08-12 06:58:01.638 | DEBUG    | src.data.loaders:read_query:56 - Executando query SQLite: SELECT * FROM dividas_ativas
2026-08-12 06:58:01.984 | DEBUG    | src.data.loaders:read_query:56 - Executando query SQLite: SELECT * FROM vinculos_politicos
2026-08-12 06:58:01.986 | DEBUG    | src.data.loaders:read_query:56 - Executando query SQLite: SELECT * FROM infracoes_ambientais
2026-08-12 06:58:01.990 | DEBUG    | src.data.loaders:read_query:56 - Executando query SQLite: SELECT * FROM contratos_governamentais
2026-08-12 06:58:01.997 | DEBUG    | src.data.loaders:read_query:56 - Executando query SQLite: SELECT * FROM beneficios_fiscais
2026-08-12 06:58:02.035 | DEBUG    | src.data.loaders:read_query:56 - Executando query SQLite: SELECT * FROM beneficios_fiscais
2026-08-12 06:58:02.071 | DEBUG    | src.data.loaders:read_query:56 - Executando query SQLite: SELECT * FROM beneficios_fiscais
2026-08-12 06:58:02.110 | DEBUG    | src.data.loaders:read_query:56 - Executando query SQLite: SELECT * FROM registros_jucees
2026-08-12 06:58:02.307 | DEBUG    | src.data.loaders:read_query:56 - Executando query SQLite: SELECT * FROM sancoes_administrativas
2026-08-12 06:58:02.309 | DEBUG    | src.data.loaders:read_query:56 - Executando query SQLite: SELECT * FROM empresas
2026-08-12 06:58:05.611 | INFO     | src.features.tabular:build_feature_matrix:314 - Matriz de features: 344130 empresas x 122 features (+ 2 colunas de rotulo).
2026-08-12 06:58:05.646 | INFO     | src.models.gnn_homogeneous:_podar_colunas_de_alto_grau:96 - Podando 877 colunas com grau > 20 antes da comutacao.
2026-08-12 06:58:05.779 | INFO     | src.models.gnn_homogeneous:build_combined_adjacency:138 - Grafo homogeneo empresa-empresa: 2,023,424 arestas (direcionadas, grafo simetrico).
2026-08-12 06:58:06.260 | INFO     | src.models.han_hgt:make_han_hgt_fit_predict:110 - HAN/HGT: 4 tipos de no, 6 tipos de relacao (socio, endereco, vinculo_politico via embedding aprendido).
2026-08-12 06:58:06.261 | INFO     | __main__:_rodar:60 - Rodando CV para 'tabular/y_direto'...
2026-08-12 07:00:41.897 | INFO     | src.evaluation.harness:evaluate_repeated_cv:103 - CV: 30 folds validos, PR-AUC medio=0.0218 (+-0.0146)
2026-08-12 07:00:41.900 | INFO     | __main__:_rodar:65 - 'tabular/y_direto' concluido em 155.6s.
2026-08-12 07:00:41.905 | INFO     | __main__:_rodar:60 - Rodando CV para 'gnn_homogenea/y_direto'...
2026-08-12 08:26:12.443 | INFO     | src.evaluation.harness:evaluate_repeated_cv:103 - CV: 30 folds validos, PR-AUC medio=0.0328 (+-0.0228)
2026-08-12 08:26:12.448 | INFO     | __main__:_rodar:65 - 'gnn_homogenea/y_direto' concluido em 5130.5s.
2026-08-12 08:26:12.449 | INFO     | __main__:_rodar:60 - Rodando CV para 'han_hgt/y_direto'...
2026-08-12 10:36:13.146 | INFO     | src.evaluation.harness:evaluate_repeated_cv:103 - CV: 30 folds validos, PR-AUC medio=0.0101 (+-0.0087)
2026-08-12 10:36:13.146 | INFO     | __main__:_rodar:65 - 'han_hgt/y_direto' concluido em 7800.7s.
2026-08-12 10:36:13.155 | INFO     | __main__:_rodar:60 - Rodando CV para 'tabular/y_qualquer'...
2026-08-12 10:38:33.383 | INFO     | src.evaluation.harness:evaluate_repeated_cv:103 - CV: 30 folds validos, PR-AUC medio=0.0236 (+-0.0200)
2026-08-12 10:38:33.384 | INFO     | __main__:_rodar:65 - 'tabular/y_qualquer' concluido em 140.2s.
2026-08-12 10:38:33.384 | INFO     | __main__:_rodar:60 - Rodando CV para 'gnn_homogenea/y_qualquer'...
2026-08-12 11:58:56.256 | INFO     | src.evaluation.harness:evaluate_repeated_cv:103 - CV: 30 folds validos, PR-AUC medio=0.0219 (+-0.0124)
2026-08-12 11:58:56.256 | INFO     | __main__:_rodar:65 - 'gnn_homogenea/y_qualquer' concluido em 4822.9s.
2026-08-12 11:58:56.257 | INFO     | __main__:_rodar:60 - Rodando CV para 'han_hgt/y_qualquer'...
2026-08-12 14:08:48.149 | INFO     | src.evaluation.harness:evaluate_repeated_cv:103 - CV: 30 folds validos, PR-AUC medio=0.0234 (+-0.0229)
2026-08-12 14:08:48.150 | INFO     | __main__:_rodar:65 - 'han_hgt/y_qualquer' concluido em 7791.9s.

========== Rotulo: y_direto (5x6 folds) ==========
tabular: PR-AUC 0.0218 +- 0.0146
gnn_homogenea: PR-AUC 0.0328 +- 0.0228
han_hgt: PR-AUC 0.0101 +- 0.0087

--- Comparacoes (Wilcoxon pareado, pr_auc por fold) ---
tabular (media=0.0218) vs gnn_homogenea (media=0.0328): Wilcoxon p=0.0145 -- diferenca significativa (p<0.05)
tabular (media=0.0218) vs han_hgt (media=0.0101): Wilcoxon p=0.0001 -- diferenca significativa (p<0.05)
gnn_homogenea (media=0.0328) vs han_hgt (media=0.0101): Wilcoxon p=0.0000 -- diferenca significativa (p<0.05)

========== Rotulo: y_qualquer (5x6 folds) ==========
tabular: PR-AUC 0.0236 +- 0.0200
gnn_homogenea: PR-AUC 0.0219 +- 0.0124
han_hgt: PR-AUC 0.0234 +- 0.0229

--- Comparacoes (Wilcoxon pareado, pr_auc por fold) ---
tabular (media=0.0236) vs gnn_homogenea (media=0.0219): Wilcoxon p=0.8394 -- sem diferenca significativa
tabular (media=0.0236) vs han_hgt (media=0.0234): Wilcoxon p=0.8712 -- sem diferenca significativa
gnn_homogenea (media=0.0219) vs han_hgt (media=0.0234): Wilcoxon p=0.8872 -- sem diferenca significativa
